20:18:40 **** Incremental Build of configuration Debug for project spiFullDuplexCommTest ****
make -j9 all 
arm-none-eabi-gcc "../Core/Src/main.c" -mcpu=cortex-m4 -std=gnu11 -g3 -DDEBUG -DUSE_HAL_DRIVER -DSTM32F411xE -c -I../Core/Inc -I../Drivers/STM32F4xx_HAL_Driver/Inc -I../Drivers/STM32F4xx_HAL_Driver/Inc/Legacy -I../Drivers/CMSIS/Device/ST/STM32F4xx/Include -I../Drivers/CMSIS/Include -O0 -ffunction-sections -fdata-sections -Wall -fstack-usage -fcyclomatic-complexity -MMD -MP -MF"Core/Src/main.d" -MT"Core/Src/main.o" --specs=nano.specs -mfpu=fpv4-sp-d16 -mfloat-abi=hard -mthumb -o "Core/Src/main.o"
arm-none-eabi-gcc -o "spiFullDuplexCommTest.elf" @"objects.list"   -mcpu=cortex-m4 -T"/Users/pablo/Developer/GitHub/Remate/src/stm32-side/spiFullDuplexCommTest/STM32F411CEUX_FLASH.ld" --specs=nosys.specs -Wl,-Map="spiFullDuplexCommTest.map" -Wl,--gc-sections -static --specs=nano.specs -mfpu=fpv4-sp-d16 -mfloat-abi=hard -mthumb -Wl,--start-group -lc -lm -Wl,--end-group
Finished building target: spiFullDuplexCommTest.elf
 
arm-none-eabi-size  spiFullDuplexCommTest.elf 
arm-none-eabi-objdump -h -S spiFullDuplexCommTest.elf  > "spiFullDuplexCommTest.list"
   text	   data	    bss	    dec	    hex	filename
  14868	     20	   2772	  17660	   44fc	spiFullDuplexCommTest.elf
Finished building: default.size.stdout
 
Finished building: spiFullDuplexCommTest.list
 
